exports[`Timeline component should be rendered correctly without store 1`] = `
<div>
  <_translate
    viewName="photos" />
  <_translate />
</div>
`;

exports[`Timeline component should have correct connected provided props 1`] = `
<Timeline
  isFetching={true}
  isIndexing={false}
  isWorking={false}
  mangoIndexByDate="_design/54d3474c4efdfe10d790425525e56433857955a1"
  onFirstFetch={[Function]}
  photos={Array []}
  store={
    Object {
      "clearActions": [Function],
      "dispatch": [Function],
      "getActions": [Function],
      "getState": [Function],
      "replaceReducer": [Function],
      "subscribe": [Function],
    }
  } />
`;

exports[`Timeline component should render correctly if it has correct connected props provided 1`] = `
<div>
  <_translate
    viewName="photos" />
  <_translate />
</div>
`;
