exports[`AlbumItem component should be displayed correctly if album with photosIds 1`] = `null`;
