exports[`PhotoList component should render correctly a timeline of photos according a photos array 1`] = `
<div
  className="pho-section">
  <h3>
    Photo list title
  </h3>
  <withRouter(Photo)
    onToggle={undefined}
    photo={
      Object {
        "_id": "33dda00f0eec15bc3b3c59a615001ac8",
        "created_at": "0001-01-01T00:00:00Z",
        "dir_id": "22545465ezfzef4664686446648684",
        "name": "MonImage.jpg",
        "size": "150000",
        "updated_at": "0001-01-01T00:00:00Z",
      }
    }
    selected={false} />
</div>
`;

exports[`PhotoList component should render correctly an empty view if photos is empty 1`] = `
<div
  className="pho-section">
  <h3>
    Empty list
  </h3>
  <_translate
    emptyType="photos" />
</div>
`;
