exports[`Viewer component should be displayed correctly with the img src computed from photoId 1`] = `
<div
  className="pho-viewer-wrapper"
  role="viewer">
  <_translate />
  <div
    className="pho-viewer-content">
    <div
      className="photo-viewer-nav-previous" />
    <div
      className="pho-viewer-photo">
      <img
        src="http://cozy.local:8080/files/download/33dda00f0eec15bc3b3c59a615001ac8" />
    </div>
    <div
      className="photo-viewer-nav-next" />
  </div>
</div>
`;
